ARM Linker, 4.1 [Build 644] [Evaluation]

==============================================================================

Section Cross References

    startup.o(RESET) refers to startup.o(STACK) for Stack_Top
    startup.o(RESET) refers to midterm1.o(main) for __main
    startup.o(.text) refers to startup.o(HEAP) for Heap_Mem
    startup.o(.text) refers to startup.o(STACK) for Stack_Mem
    midterm1.o(main) refers to midterm1.o(data) for sen1


==============================================================================

Removing Unused input sections from the image.

    Removing startup.o(STACK), (1160 bytes).
    Removing startup.o(HEAP), (0 bytes).
    Removing startup.o(RESET), (272 bytes).
    Removing startup.o(.text), (32 bytes).

4 unused section(s) (total 1464 bytes) removed from the image.

==============================================================================

Image Symbol Table

    Local Symbols

    Symbol Name                              Value     Ov Type        Size  Object(Section)

    main                                     0x00000000   Section      112  midterm1.o(main)
    Startup.s                                0x00000000   Number         0  startup.o ABSOLUTE
    midterm1.s                               0x00000000   Number         0  midterm1.o ABSOLUTE
    sen                                      0x00000050   Data          24  midterm1.o(main)
    data                                     0x40000000   Section     4096  midterm1.o(data)
    sen1                                     0x40000000   Data        4096  midterm1.o(data)

    Global Symbols

    Symbol Name                              Value     Ov Type        Size  Object(Section)

    BuildAttributes$$THM_ISAv1$ARM_ISAv4$S$PE$A:L22$X:L11$S22$IEEE1$IW$USESV6$~STKCKD$USESV7$~SHL$OSPACE$EBA8$STANDARDLIB$PRES8$EABIv2 0x00000000   Number         0  anon$$obj.o ABSOLUTE
    __main                                   0x00000000   ARM Code       0  midterm1.o(main)



==============================================================================

Memory Map of the image

  Image Entry point : 0x00000000

  Load Region LR_1 (Base: 0x00000000, Size: 0x00001070, Max: 0xffffffff, ABSOLUTE)

    Execution Region ER_RO (Base: 0x00000000, Size: 0x00000070, Max: 0xffffffff, ABSOLUTE)

    Base Addr    Size         Type   Attr      Idx    E Section Name        Object

    0x00000000   0x00000070   Code   RO           11  * main                midterm1.o


    Execution Region ER_RW (Base: 0x40000000, Size: 0x00001000, Max: 0xffffffff, ABSOLUTE)

    Base Addr    Size         Type   Attr      Idx    E Section Name        Object

    0x40000000   0x00001000   Data   RW           12    data                midterm1.o


    Execution Region ER_ZI (Base: 0x40001000, Size: 0x00000000, Max: 0xffffffff, ABSOLUTE)

    **** No section assigned to this execution region ****


==============================================================================

Image component sizes


      Code (inc. data)   RO Data    RW Data    ZI Data      Debug   Object Name

       112         32          0       4096          0        172   midterm1.o
         0          0          0          0          0         32   startup.o

    ----------------------------------------------------------------------
       112         32          0       4096          0        204   Object Totals
         0          0          0          0          0          0   (incl. Generated)
         0          0          0          0          0          0   (incl. Padding)

    ----------------------------------------------------------------------
         0          0          0          0          0          0   Library Totals
         0          0          0          0          0          0   (incl. Padding)

    ----------------------------------------------------------------------

==============================================================================


      Code (inc. data)   RO Data    RW Data    ZI Data      Debug   

       112         32          0       4096          0        204   Grand Totals
       112         32          0       4096          0        204   ELF Image Totals
       112         32          0       4096          0          0   ROM Totals

==============================================================================

    Total RO  Size (Code + RO Data)                  112 (   0.11kB)
    Total RW  Size (RW Data + ZI Data)              4096 (   4.00kB)
    Total ROM Size (Code + RO Data + RW Data)       4208 (   4.11kB)

==============================================================================

